Microchip MPLAB XC8 Compiler V2.32

Linker command line:

-W-3 --edf=C:\Program Files\Microchip\xc8\v2.32\pic\dat\en_msgs.txt -cn \
  -h+dist/default/production\Projeto_Final.X.production.sym \
  --cmf=dist/default/production\Projeto_Final.X.production.cmf -z -Q18F4520 \
  -oC:\Users\Usuario\AppData\Local\Temp\xcAs8jg.4 --defsym=__MPLAB_BUILD=1 \
  -Mdist/default/production/Projeto_Final.X.production.map -E1 \
  -ver=XC8 Compiler --acfsm=1493 -ASTACK=080h-05FFh -pstack=STACK \
  -ACODE=00h-07FFFh -ACONST=00h-07FFFh -ASMALLCONST=0600h-06FFhx122 \
  -AMEDIUMCONST=0600h-07FFFh -ACOMRAM=01h-07Fh -AABS1=00h-05FFh \
  -ABIGRAM=01h-05FFh -ARAM=080h-0FFh,0100h-01FFhx5 -ABANK0=080h-0FFh \
  -ABANK1=0100h-01FFh -ABANK2=0200h-02FFh -ABANK3=0300h-03FFh \
  -ABANK4=0400h-04FFh -ABANK5=0500h-05FFh -ASFR=0F80h-0FFFh \
  -ACONFIG=0300000h-030000Dh -AIDLOC=0200000h-0200007h \
  -AEEDATA=0F00000h-0F000FFh -peeprom_data=EEDATA \
  -preset_vec=00h,intcode,intcodelo,powerup,init -pramtop=0600h \
  -psmallconst=SMALLCONST -pmediumconst=MEDIUMCONST -pconst=CONST \
  -AFARRAM=00h-00h \
  -prdata=COMRAM,nvrram=COMRAM,nvbit=COMRAM,rbss=COMRAM,rbit=COMRAM \
  -pfarbss=FARRAM,fardata=FARRAM,nvFARRAM=FARRAM \
  -pintsave_regs=BIGRAM,bigbss=BIGRAM,bigdata=BIGRAM -pbss=RAM \
  -pidata=CODE,irdata=CODE,ibigdata=CODE,ifardata=CODE -prparam=COMRAM \
  C:\Users\Usuario\AppData\Local\Temp\xcAs8jg.o \
  dist/default/production\Projeto_Final.X.production.o 

Object code version is 3.11

Machine type is 18F4520



                Name                               Link     Load   Length Selector   Space Scale
C:\Users\Usuario\AppData\Local\Temp\xcAs8jg.o
                idloc                            200000   200000        8        0       5
                config                           300000   300000        E        0       4
                init                                  0        0        4        0       0
dist/default/production\Projeto_Final.X.production.o
                idloc                            200000   200000        8        0       5
                config                           300000   300000        E        0       4
                smallconst                          600      600       CA      300       0
                text33                             1508     1508       C4      365       0
                text32                             1680     1680       B0      365       0
                text31                             1B90     1B90       22      365       0
                text30                              918      918      24E      365       0
                text29                             1A2C     1A2C       3E      365       0
                text28                             1A6A     1A6A       32      365       0
                text27                             1C10     1C10        2      365       0
                text26                              6CA      6CA      24E      365       0
                text25                             19EA     19EA       42      365       0
                text24                             1AF6     1AF6       2A      365       0
                text23                             1ACC     1ACC       2A      365       0
                text22                             199C     199C       4E      365       0
                text21                             183E     183E       5A      365       0
                text20                             1BD0     1BD0       1E      365       0
                text19                             1946     1946       56      365       0
                text18                             1434     1434       D4      365       0
                text17                             1A9C     1A9C       30      365       0
                text16                             1BB2     1BB2       1E      365       0
                text15                              EA6      EA6      182      365       0
                text14                             1B48     1B48       26      365       0
                text13                             15CC     15CC       B4      365       0
                text12                             1194     1194      16A      365       0
                text11                             12FE     12FE      136      365       0
                text10                             1BFE     1BFE        A      365       0
                text9                               B66      B66      1AC      365       0
                text8                              1898     1898       58      365       0
                text7                              18F0     18F0       56      365       0
                text6                              1028     1028      16C      365       0
                text5                              17C4     17C4       7A      365       0
                text4                              1730     1730       94      365       0
                text3                              1C08     1C08        8      365       0
                text2                              1B6E     1B6E       22      365       0
                text1                              1BEE     1BEE       10      365       0
                text0                               D12      D12      194      365       0
                cstackCOMRAM                         25       25       1A        1       1
                dataCOMRAM                           3F       3F        1        1       1
                bssCOMRAM                             1        1       24        1       1
                cinit                              1B20     1B20       28      365       0
                idataCOMRAM                        1C12     1C12        1      365       0

TOTAL           Name                               Link     Load   Length     Space
        CLASS   STACK          

        CLASS   CODE           
                init                                  0        0        4         0
                text33                             1508     1508       C4         0
                text32                             1680     1680       B0         0
                text31                             1B90     1B90       22         0
                text30                              918      918      24E         0
                text29                             1A2C     1A2C       3E         0
                text28                             1A6A     1A6A       32         0
                text27                             1C10     1C10        2         0
                text26                              6CA      6CA      24E         0
                text25                             19EA     19EA       42         0
                text24                             1AF6     1AF6       2A         0
                text23                             1ACC     1ACC       2A         0
                text22                             199C     199C       4E         0
                text21                             183E     183E       5A         0
                text20                             1BD0     1BD0       1E         0
                text19                             1946     1946       56         0
                text18                             1434     1434       D4         0
                text17                             1A9C     1A9C       30         0
                text16                             1BB2     1BB2       1E         0
                text15                              EA6      EA6      182         0
                text14                             1B48     1B48       26         0
                text13                             15CC     15CC       B4         0
                text12                             1194     1194      16A         0
                text11                             12FE     12FE      136         0
                text10                             1BFE     1BFE        A         0
                text9                               B66      B66      1AC         0
                text8                              1898     1898       58         0
                text7                              18F0     18F0       56         0
                text6                              1028     1028      16C         0
                text5                              17C4     17C4       7A         0
                text4                              1730     1730       94         0
                text3                              1C08     1C08        8         0
                text2                              1B6E     1B6E       22         0
                text1                              1BEE     1BEE       10         0
                text0                               D12      D12      194         0
                cinit                              1B20     1B20       28         0
                idataCOMRAM                        1C12     1C12        1         0

        CLASS   CONST          

        CLASS   SMALLCONST     
                smallconst                          600      600       CA         0

        CLASS   MEDIUMCONST    

        CLASS   COMRAM         
                cstackCOMRAM                         25       25       1A         1
                dataCOMRAM                           3F       3F        1         1
                bssCOMRAM                             1        1       24         1

        CLASS   ABS1           

        CLASS   BIGRAM         

        CLASS   RAM            

        CLASS   BANK0          

        CLASS   BANK1          

        CLASS   BANK2          

        CLASS   BANK3          

        CLASS   BANK4          

        CLASS   BANK5          

        CLASS   SFR            

        CLASS   CONFIG         
                config                           300000   300000        E         4

        CLASS   IDLOC          
                idloc                            200000   200000        8         5

        CLASS   EEDATA         

        CLASS   FARRAM         



SEGMENTS        Name                           Load    Length   Top    Selector   Space  Class

                reset_vec                      000000  000004  000004         0       0  CODE    
                bssCOMRAM                      000001  00003F  000040         1       1  COMRAM  
                smallconst                     000600  0000CA  0006CA       300       0  SMALLCON
                text26                         0006CA  001549  001C13       365       0  CODE    


UNUSED ADDRESS RANGES

        Name                Unused          Largest block    Delta
        BANK0            000080-0000FF               80
        BANK1            000100-0001FF              100
        BANK2            000200-0002FF              100
        BANK3            000300-0003FF              100
        BANK4            000400-0004FF              100
        BANK5            000500-0005FF              100
        BIGRAM           000040-0005FF              5C0
        CODE             000004-0005FF              5FC
                         001C13-007FFF             63ED
        COMRAM           000040-00007F               40
        CONST            000004-0005FF              5FC
                         001C13-007FFF             63ED
        EEDATA           F00000-F000FF              100
        MEDIUMCONST      001C13-007FFF             63ED
        RAM              000080-0005FF              100
        SFR              000F80-000FFF               80
        SMALLCONST       001C13-007FFF              100
        STACK            000080-0005FF              580

                                  Symbol Table

?___awdiv                cstackCOMRAM 000025
?___awmod                cstackCOMRAM 00002D
?_digitalRead            cstackCOMRAM 000025
?_kpRead                 cstackCOMRAM 000025
_ADCON1                  (abs)        000FC1
_INTCON                  (abs)        000FF2
_ImprimeCafe             text18       001434
_PORTA                   (abs)        000F80
_PORTB                   (abs)        000F81
_PORTC                   (abs)        000F82
_PORTD                   (abs)        000F83
_PORTE                   (abs)        000F84
_PulseClockData          text24       001AF6
_PulseEnClock            text23       001ACC
_T0CON                   (abs)        000FD5
_TMR0H                   (abs)        000FD7
_TMR0L                   (abs)        000FD6
_TRISA                   (abs)        000F92
_TRISB                   (abs)        000F93
_TRISC                   (abs)        000F94
_TRISD                   (abs)        000F95
_TRISE                   (abs)        000F96
__HRAM                   (abs)        000000
__Habs1                  abs1         000000
__Hbank0                 bank0        000000
__Hbank1                 bank1        000000
__Hbank2                 bank2        000000
__Hbank3                 bank3        000000
__Hbank4                 bank4        000000
__Hbank5                 bank5        000000
__Hbigbss                bigbss       000000
__Hbigdata               bigdata      000000
__Hbigram                bigram       000000
__Hbss                   bss          000000
__HbssCOMRAM             bssCOMRAM    000000
__Hcinit                 cinit        000000
__Hclrtext               clrtext      000000
__Hcomram                comram       000000
__Hconfig                config       30000E
__Hconst                 const        000000
__HcstackCOMRAM          cstackCOMRAM 000000
__Hdata                  data         000000
__HdataCOMRAM            dataCOMRAM   000000
__Heeprom_data           eeprom_data  000000
__Hfarbss                farbss       000000
__Hfardata               fardata      000000
__Hibigdata              ibigdata     000000
__Hidata                 idata        000000
__HidataCOMRAM           idataCOMRAM  000000
__Hidloc                 idloc        200008
__Hifardata              ifardata     000000
__Hinit                  init         000004
__Hintcode               intcode      000000
__Hintcode_body          intcode_body 000000
__Hintcodelo             intcodelo    000000
__Hintentry              intentry     000000
__Hintret                intret       000000
__Hintsave_regs          intsave_regs 000000
__Hirdata                irdata       000000
__Hmediumconst           mediumconst  000000
__HnvFARRAM              nvFARRAM     000000
__Hnvbit                 nvbit        000000
__Hnvrram                nvrram       000000
__Hparam                 rparam       000000
__Hpowerup               powerup      000000
__Hram                   ram          000000
__Hramtop                ramtop       000600
__Hrbit                  rbit         000000
__Hrbss                  rbss         000000
__Hrdata                 rdata        000000
__Hreset_vec             reset_vec    000000
__Hrparam                rparam       000000
__Hsfr                   sfr          000000
__Hsmallconst            smallconst   0006CA
__Hspace_0               (abs)        001C13
__Hspace_1               (abs)        000040
__Hspace_2               (abs)        000000
__Hspace_4               (abs)        60000E
__Hstack                 stack        000000
__Hstruct                struct       000000
__Htemp                  temp         000000
__Htext                  text         000000
__Htext0                 text0        000000
__Htext1                 text1        000000
__Htext10                text10       000000
__Htext11                text11       000000
__Htext12                text12       000000
__Htext13                text13       000000
__Htext14                text14       000000
__Htext15                text15       000000
__Htext16                text16       000000
__Htext17                text17       000000
__Htext18                text18       000000
__Htext19                text19       000000
__Htext2                 text2        000000
__Htext20                text20       000000
__Htext21                text21       000000
__Htext22                text22       000000
__Htext23                text23       000000
__Htext24                text24       000000
__Htext25                text25       000000
__Htext26                text26       000000
__Htext27                text27       000000
__Htext28                text28       000000
__Htext29                text29       000000
__Htext3                 text3        000000
__Htext30                text30       000000
__Htext31                text31       000000
__Htext32                text32       000000
__Htext33                text33       000000
__Htext4                 text4        000000
__Htext5                 text5        000000
__Htext6                 text6        000000
__Htext7                 text7        000000
__Htext8                 text8        000000
__Htext9                 text9        000000
__LRAM                   (abs)        000001
__Labs1                  abs1         000000
__Lbank0                 bank0        000000
__Lbank1                 bank1        000000
__Lbank2                 bank2        000000
__Lbank3                 bank3        000000
__Lbank4                 bank4        000000
__Lbank5                 bank5        000000
__Lbigbss                bigbss       000000
__Lbigdata               bigdata      000000
__Lbigram                bigram       000000
__Lbss                   bss          000000
__LbssCOMRAM             bssCOMRAM    000000
__Lcinit                 cinit        000000
__Lclrtext               clrtext      000000
__Lcomram                comram       000000
__Lconfig                config       000000
__Lconst                 const        000000
__LcstackCOMRAM          cstackCOMRAM 000000
__Ldata                  data         000000
__LdataCOMRAM            dataCOMRAM   000000
__Leeprom_data           eeprom_data  000000
__Lfarbss                farbss       000000
__Lfardata               fardata      000000
__Libigdata              ibigdata     000000
__Lidata                 idata        000000
__LidataCOMRAM           idataCOMRAM  000000
__Lidloc                 idloc        000000
__Lifardata              ifardata     000000
__Linit                  init         000000
__Lintcode               intcode      000000
__Lintcode_body          intcode_body 000000
__Lintcodelo             intcodelo    000000
__Lintentry              intentry     000000
__Lintret                intret       000000
__Lintsave_regs          intsave_regs 000000
__Lirdata                irdata       000000
__Lmediumconst           mediumconst  000000
__LnvFARRAM              nvFARRAM     000000
__Lnvbit                 nvbit        000000
__Lnvrram                nvrram       000000
__Lparam                 rparam       000000
__Lpowerup               powerup      000000
__Lram                   ram          000000
__Lramtop                ramtop       000600
__Lrbit                  rbit         000000
__Lrbss                  rbss         000000
__Lrdata                 rdata        000000
__Lreset_vec             reset_vec    000000
__Lrparam                rparam       000000
__Lsfr                   sfr          000000
__Lsmallconst            smallconst   000600
__Lspace_0               (abs)        000000
__Lspace_1               (abs)        000000
__Lspace_2               (abs)        000000
__Lspace_4               (abs)        000000
__Lstack                 stack        000000
__Lstruct                struct       000000
__Ltemp                  temp         000000
__Ltext                  text         000000
__Ltext0                 text0        000000
__Ltext1                 text1        000000
__Ltext10                text10       000000
__Ltext11                text11       000000
__Ltext12                text12       000000
__Ltext13                text13       000000
__Ltext14                text14       000000
__Ltext15                text15       000000
__Ltext16                text16       000000
__Ltext17                text17       000000
__Ltext18                text18       000000
__Ltext19                text19       000000
__Ltext2                 text2        000000
__Ltext20                text20       000000
__Ltext21                text21       000000
__Ltext22                text22       000000
__Ltext23                text23       000000
__Ltext24                text24       000000
__Ltext25                text25       000000
__Ltext26                text26       000000
__Ltext27                text27       000000
__Ltext28                text28       000000
__Ltext29                text29       000000
__Ltext3                 text3        000000
__Ltext30                text30       000000
__Ltext31                text31       000000
__Ltext32                text32       000000
__Ltext33                text33       000000
__Ltext4                 text4        000000
__Ltext5                 text5        000000
__Ltext6                 text6        000000
__Ltext7                 text7        000000
__Ltext8                 text8        000000
__Ltext9                 text9        000000
__S0                     (abs)        001C13
__S1                     (abs)        000040
__S2                     (abs)        000000
__S4                     (abs)        000000
__S5                     (abs)        000000
___awdiv                 text33       001508
___awdiv@counter         cstackCOMRAM 000029
___awdiv@dividend        cstackCOMRAM 000025
___awdiv@divisor         cstackCOMRAM 000027
___awdiv@quotient        cstackCOMRAM 00002B
___awdiv@sign            cstackCOMRAM 00002A
___awmod                 text32       001680
___awmod@counter         cstackCOMRAM 000031
___awmod@dividend        cstackCOMRAM 00002D
___awmod@divisor         cstackCOMRAM 00002F
___awmod@sign            cstackCOMRAM 000032
___inthi_sp              stack        000000
___intlo_sp              stack        000000
___param_bank            (abs)        000000
___rparam_used           (abs)        000001
___sp                    stack        000000
__accesstop              (abs)        000080
__activetblptr           (abs)        000002
__end_of_ImprimeCafe     text18       001508
__end_of_PulseClockData  text24       001B20
__end_of_PulseEnClock    text23       001AF6
__end_of___awdiv         text33       0015CC
__end_of___awmod         text32       001730
__end_of__initialization cinit        001B3E
__end_of_atraso          text5        00183E
__end_of_cafes           text31       001BB2
__end_of_charKey         smallconst   00061B
__end_of_delayMicro      text27       001C12
__end_of_delayMili       text17       001ACC
__end_of_digitalRead     text12       0012FE
__end_of_digitalWrite    text26       000918
__end_of_kpDebounce      text11       001434
__end_of_kpInit          text28       001A9C
__end_of_kpRead          text10       001C08
__end_of_lcd             text15       001028
__end_of_lcdChar         text20       001BEE
__end_of_lcdCommand      text16       001BD0
__end_of_lcdInit         text13       001680
__end_of_lcdString       text19       00199C
__end_of_leTeclado       text9        000D12
__end_of_main            text0        000EA6
__end_of_pinMode         text30       000B66
__end_of_pulseEnablePin  text25       001A2C
__end_of_pushByte        text21       001898
__end_of_pushNibble      text14       001B6E
__end_of_soInit          text29       001A6A
__end_of_soWrite         text22       0019EA
__end_of_ssdDigit        text8        0018F0
__end_of_ssdInit         text7        001946
__end_of_ssdUpdate       text6        001194
__end_of_termina         text4        0017C4
__end_of_timerInit       text3        001C10
__end_of_timerReset      text2        001B90
__end_of_timerWait       text1        001BFE
__end_of_valor           smallconst   000611
__initialization         cinit        001B20
__mediumconst            mediumconst  000000
__pbssCOMRAM             bssCOMRAM    000001
__pcinit                 cinit        001B20
__pcstackCOMRAM          cstackCOMRAM 000025
__pdataCOMRAM            dataCOMRAM   00003F
__pidataCOMRAM           idataCOMRAM  001C12
__psmallconst            smallconst   000600
__ptext0                 text0        000D12
__ptext1                 text1        001BEE
__ptext10                text10       001BFE
__ptext11                text11       0012FE
__ptext12                text12       001194
__ptext13                text13       0015CC
__ptext14                text14       001B48
__ptext15                text15       000EA6
__ptext16                text16       001BB2
__ptext17                text17       001A9C
__ptext18                text18       001434
__ptext19                text19       001946
__ptext2                 text2        001B6E
__ptext20                text20       001BD0
__ptext21                text21       00183E
__ptext22                text22       00199C
__ptext23                text23       001ACC
__ptext24                text24       001AF6
__ptext25                text25       0019EA
__ptext26                text26       0006CA
__ptext27                text27       001C10
__ptext28                text28       001A6A
__ptext29                text29       001A2C
__ptext3                 text3        001C08
__ptext30                text30       000918
__ptext31                text31       001B90
__ptext32                text32       001680
__ptext33                text33       001508
__ptext4                 text4        001730
__ptext5                 text5        0017C4
__ptext6                 text6        001028
__ptext7                 text7        0018F0
__ptext8                 text8        001898
__ptext9                 text9        000B66
__ramtop                 ramtop       000600
__size_of_ImprimeCafe    (abs)        000000
__size_of_PulseClockData (abs)        000000
__size_of_PulseEnClock   (abs)        000000
__size_of___awdiv        (abs)        000000
__size_of___awmod        (abs)        000000
__size_of_atraso         (abs)        000000
__size_of_cafes          (abs)        000000
__size_of_delayMicro     (abs)        000000
__size_of_delayMili      (abs)        000000
__size_of_digitalRead    (abs)        000000
__size_of_digitalWrite   (abs)        000000
__size_of_kpDebounce     (abs)        000000
__size_of_kpInit         (abs)        000000
__size_of_kpRead         (abs)        000000
__size_of_lcd            (abs)        000000
__size_of_lcdChar        (abs)        000000
__size_of_lcdCommand     (abs)        000000
__size_of_lcdInit        (abs)        000000
__size_of_lcdString      (abs)        000000
__size_of_leTeclado      (abs)        000000
__size_of_main           (abs)        000000
__size_of_pinMode        (abs)        000000
__size_of_pulseEnablePin (abs)        000000
__size_of_pushByte       (abs)        000000
__size_of_pushNibble     (abs)        000000
__size_of_soInit         (abs)        000000
__size_of_soWrite        (abs)        000000
__size_of_ssdDigit       (abs)        000000
__size_of_ssdInit        (abs)        000000
__size_of_ssdUpdate      (abs)        000000
__size_of_termina        (abs)        000000
__size_of_timerInit      (abs)        000000
__size_of_timerReset     (abs)        000000
__size_of_timerWait      (abs)        000000
__smallconst             smallconst   000600
_antes                   dataCOMRAM   00003F
_atraso                  text5        0017C4
_cafes                   text31       001B90
_cappu                   bssCOMRAM    000009
_caseiro                 bssCOMRAM    000011
_delayMicro              text27       001C10
_delayMili               text17       001A9C
_digitalRead             text12       001194
_digitalWrite            text26       0006CA
_display                 bssCOMRAM    000021
_escolha                 bssCOMRAM    000023
_escolhido               bssCOMRAM    000001
_expresso                bssCOMRAM    00000D
_keys                    bssCOMRAM    000019
_kpDebounce              text11       0012FE
_kpInit                  text28       001A6A
_kpRead                  text10       001BFE
_latte                   bssCOMRAM    000005
_lcd                     text15       000EA6
_lcdChar                 text20       001BD0
_lcdCommand              text16       001BB2
_lcdInit                 text13       0015CC
_lcdString               text19       001946
_leTeclado               text9        000B66
_main                    text0        000D12
_pinMode                 text30       000918
_pulseEnablePin          text25       0019EA
_pushByte                text21       00183E
_pushNibble              text14       001B48
_seg                     bssCOMRAM    00001B
_soInit                  text29       001A2C
_soWrite                 text22       00199C
_ssdDigit                text8        001898
_ssdInit                 text7        0018F0
_ssdUpdate               text6        001028
_start                   bssCOMRAM    000024
_termina                 text4        001730
_timerInit               text3        001C08
_timerReset              text2        001B6E
_timerWait               text1        001BEE
_v0                      bssCOMRAM    000020
_v1                      bssCOMRAM    00001F
_v2                      bssCOMRAM    00001E
_v3                      bssCOMRAM    00001D
_valor                   smallconst   000601
atraso@N                 cstackCOMRAM 000025
atraso@h                 cstackCOMRAM 000026
atraso@i                 cstackCOMRAM 000029
atraso@j                 cstackCOMRAM 000027
atraso@k                 cstackCOMRAM 000028
delayMicro@a             cstackCOMRAM 000025
delayMili@a              cstackCOMRAM 000025
delayMili@i              cstackCOMRAM 000028
digitalRead@pin          cstackCOMRAM 000025
digitalWrite@pin         cstackCOMRAM 000025
digitalWrite@value       cstackCOMRAM 000027
end_of_initialization    cinit        001B3E
intlevel0                text         000000
intlevel1                text         000000
intlevel2                text         000000
intlevel3                text         000000
isa$std                  (abs)        000001
isa$xinst                (abs)        000000
kpDebounce@i             cstackCOMRAM 000031
kpDebounce@newRead       bssCOMRAM    000017
kpDebounce@oldRead       bssCOMRAM    000015
kpDebounce@tempo         bssCOMRAM    000022
lcdChar@value            cstackCOMRAM 000032
lcdCommand@value         cstackCOMRAM 000032
lcdString@i              cstackCOMRAM 000037
lcdString@msg            cstackCOMRAM 000033
leTeclado@tecla          cstackCOMRAM 000033
main@slot                cstackCOMRAM 00003E
main@tempo               cstackCOMRAM 00003D
pinMode@pin              cstackCOMRAM 000025
pinMode@type             cstackCOMRAM 000027
pushByte@rs              cstackCOMRAM 00002E
pushByte@value           cstackCOMRAM 000031
pushNibble@rs            cstackCOMRAM 00002E
pushNibble@value         cstackCOMRAM 000030
soWrite@i                cstackCOMRAM 00002D
soWrite@value            cstackCOMRAM 00002B
ssdDigit@pos             cstackCOMRAM 000033
ssdDigit@val             cstackCOMRAM 000034
stackhi                  (abs)        0005FF
stacklo                  (abs)        000080
start                    init         000000
start_initialization     cinit        001B20
timerReset@ciclos        cstackCOMRAM 000027
timerReset@tempo         cstackCOMRAM 000025


MODULE INFORMATION

Module		Function		Class		Link	Load	Size
ssd.c
		_ssdInit       		CODE           	18F0	0000	86
		_ssdDigit      		CODE           	1898	0000	88
		_ssdUpdate     		CODE           	1028	0000	364

ssd.c estimated size: 538

C:\Program Files\Microchip\xc8\v2.32\pic\sources\c99\common\awdiv.c
		___awdiv       		CODE           	1508	0000	196

C:\Program Files\Microchip\xc8\v2.32\pic\sources\c99\common\awdiv.c estimated size: 196

delay.c
		_atraso        		CODE           	17C4	0000	122

delay.c estimated size: 122

keypad.c
		_kpInit        		CODE           	1A6A	0000	50
		_kpDebounce    		CODE           	12FE	0000	310
		_kpRead        		CODE           	1BFE	0000	10

keypad.c estimated size: 370

so.c
		_soInit        		CODE           	1A2C	0000	62
		_soWrite       		CODE           	199C	0000	78
		_PulseEnClock  		CODE           	1ACC	0000	42
		_PulseClockData		CODE           	1AF6	0000	42

so.c estimated size: 224

io.c
		_digitalRead   		CODE           	1194	0000	362
		_digitalWrite  		CODE           	06CA	0000	590
		_pinMode       		CODE           	0918	0000	590

io.c estimated size: 1542

timer.c
		_timerWait     		CODE           	1BEE	0000	16
		_timerReset    		CODE           	1B6E	0000	34
		_timerInit     		CODE           	1C08	0000	8

timer.c estimated size: 58

shared
		_valor         		SMALLCONST     	0601	0000	16
		_charKey       		SMALLCONST     	0000	0000	0
		__initialization		CODE           	1B20	0000	30

shared estimated size: 46

C:\Program Files\Microchip\xc8\v2.32\pic\sources\c99\common\awmod.c
		___awmod       		CODE           	1680	0000	176

C:\Program Files\Microchip\xc8\v2.32\pic\sources\c99\common\awmod.c estimated size: 176

lcd.c
		_lcdCommand    		CODE           	1BB2	0000	30
		_lcdChar       		CODE           	1BD0	0000	30
		_lcdString     		CODE           	1946	0000	86
		_pulseEnablePin		CODE           	19EA	0000	66
		_pushByte      		CODE           	183E	0000	90
		_pushNibble    		CODE           	1B48	0000	38
		_lcdInit       		CODE           	15CC	0000	180
		_delayMili     		CODE           	1A9C	0000	48
		_delayMicro    		CODE           	1C10	0000	2

lcd.c estimated size: 570

main.c
		_cafes         		CODE           	1B90	0000	34
		_main          		CODE           	0D12	0000	404
		_termina       		CODE           	1730	0000	148
		_leTeclado     		CODE           	0B66	0000	428
		_lcd           		CODE           	0EA6	0000	386
		_ImprimeCafe   		CODE           	1434	0000	212

main.c estimated size: 1612

